// Jest Snapshot v1, https://goo.gl/fbAQLP

exports[`Test GameArtist GameArtist is rendered correctly 1`] = `
<section
  className="game__screen"
>
  <h2
    className="game__title"
  >
    Кто исполняет эту песню?
  </h2>
  <div
    className="game__track"
  />
  <form
    className="game__artist"
  >
    <div
      className="artist"
    >
      <input
        className="artist__input visually-hidden"
        id="artist-0"
        name="answer"
        onClick={[Function]}
        type="radio"
        value="artist-0"
      />
      <label
        className="artist__name"
        htmlFor="artist-0"
      >
        <img
          className="artist__picture"
        />
      </label>
    </div>
    <div
      className="artist"
    >
      <input
        className="artist__input visually-hidden"
        id="artist-1"
        name="answer"
        onClick={[Function]}
        type="radio"
        value="artist-1"
      />
      <label
        className="artist__name"
        htmlFor="artist-1"
      >
        <img
          className="artist__picture"
        />
      </label>
    </div>
    <div
      className="artist"
    >
      <input
        className="artist__input visually-hidden"
        id="artist-2"
        name="answer"
        onClick={[Function]}
        type="radio"
        value="artist-2"
      />
      <label
        className="artist__name"
        htmlFor="artist-2"
      >
        <img
          className="artist__picture"
        />
      </label>
    </div>
    <div
      className="artist"
    >
      <input
        className="artist__input visually-hidden"
        id="artist-3"
        name="answer"
        onClick={[Function]}
        type="radio"
        value="artist-3"
      />
      <label
        className="artist__name"
        htmlFor="artist-3"
      >
        <img
          className="artist__picture"
        />
      </label>
    </div>
  </form>
</section>
`;
